{"code":"ECONNREFUSED","level":"error","message":"Redis Client Error","service":"twiller-api","stack":"AggregateError [ECONNREFUSED]: \n    at internalConnectMultiple (node:net:1134:18)\n    at afterConnectMultiple (node:net:1715:7)","timestamp":"2026-05-28 17:23:56"}
{"code":"ECONNREFUSED","level":"error","message":"Redis Client Error","service":"twiller-api","stack":"AggregateError [ECONNREFUSED]: \n    at internalConnectMultiple (node:net:1134:18)\n    at afterConnectMultiple (node:net:1715:7)","timestamp":"2026-05-28 17:23:58"}
{"code":"ECONNREFUSED","level":"error","message":"Redis Client Error","service":"twiller-api","stack":"AggregateError [ECONNREFUSED]: \n    at internalConnectMultiple (node:net:1134:18)\n    at afterConnectMultiple (node:net:1715:7)","timestamp":"2026-05-28 17:23:58"}
{"code":"ECONNREFUSED","level":"error","message":"Redis Client Error","service":"twiller-api","stack":"AggregateError [ECONNREFUSED]: \n    at internalConnectMultiple (node:net:1134:18)\n    at afterConnectMultiple (node:net:1715:7)","timestamp":"2026-05-28 17:23:59"}
{"code":"ECONNREFUSED","level":"error","message":"Redis Client Error","service":"twiller-api","stack":"AggregateError [ECONNREFUSED]: \n    at internalConnectMultiple (node:net:1134:18)\n    at afterConnectMultiple (node:net:1715:7)","timestamp":"2026-05-28 17:23:59"}
{"level":"info","message":"✅ Connected to MongoDB successfully.","service":"twiller-api","timestamp":"2026-05-28 17:24:00"}
{"level":"info","message":"🚀 Server running in development mode on port 5000","service":"twiller-api","timestamp":"2026-05-28 17:24:00"}
{"code":"ECONNREFUSED","level":"error","message":"Redis Client Error","service":"twiller-api","stack":"AggregateError [ECONNREFUSED]: \n    at internalConnectMultiple (node:net:1134:18)\n    at afterConnectMultiple (node:net:1715:7)","timestamp":"2026-05-28 17:24:00"}
{"code":"ECONNREFUSED","level":"error","message":"Redis Client Error","service":"twiller-api","stack":"AggregateError [ECONNREFUSED]: \n    at internalConnectMultiple (node:net:1134:18)\n    at afterConnectMultiple (node:net:1715:7)","timestamp":"2026-05-28 17:24:02"}
{"code":"ECONNREFUSED","level":"error","message":"Redis Client Error","service":"twiller-api","stack":"AggregateError [ECONNREFUSED]: \n    at internalConnectMultiple (node:net:1134:18)\n    at afterConnectMultiple (node:net:1715:7)","timestamp":"2026-05-28 17:24:04"}
{"code":"ECONNREFUSED","level":"error","message":"Redis Client Error","service":"twiller-api","stack":"AggregateError [ECONNREFUSED]: \n    at internalConnectMultiple (node:net:1134:18)\n    at afterConnectMultiple (node:net:1715:7)","timestamp":"2026-05-28 17:24:06"}
{"code":"ECONNREFUSED","level":"error","message":"Redis Client Error","service":"twiller-api","stack":"AggregateError [ECONNREFUSED]: \n    at internalConnectMultiple (node:net:1134:18)\n    at afterConnectMultiple (node:net:1715:7)","timestamp":"2026-05-28 17:24:08"}
{"code":"ECONNREFUSED","level":"error","message":"Redis Client Error","service":"twiller-api","stack":"AggregateError [ECONNREFUSED]: \n    at internalConnectMultiple (node:net:1134:18)\n    at afterConnectMultiple (node:net:1715:7)","timestamp":"2026-05-28 17:24:10"}
{"code":"ECONNREFUSED","level":"error","message":"Redis Client Error","service":"twiller-api","stack":"AggregateError [ECONNREFUSED]: \n    at internalConnectMultiple (node:net:1134:18)\n    at afterConnectMultiple (node:net:1715:7)","timestamp":"2026-05-28 17:24:12"}
{"code":"ECONNREFUSED","level":"error","message":"Redis Client Error","service":"twiller-api","stack":"AggregateError [ECONNREFUSED]: \n    at internalConnectMultiple (node:net:1134:18)\n    at afterConnectMultiple (node:net:1715:7)","timestamp":"2026-05-28 17:24:15"}
{"code":"ECONNREFUSED","level":"error","message":"Redis Client Error","service":"twiller-api","stack":"AggregateError [ECONNREFUSED]: \n    at internalConnectMultiple (node:net:1134:18)\n    at afterConnectMultiple (node:net:1715:7)","timestamp":"2026-05-28 17:24:17"}
{"code":"ECONNREFUSED","level":"error","message":"Redis Client Error","service":"twiller-api","stack":"AggregateError [ECONNREFUSED]: \n    at internalConnectMultiple (node:net:1134:18)\n    at afterConnectMultiple (node:net:1715:7)","timestamp":"2026-05-28 17:24:19"}
{"code":"ECONNREFUSED","level":"error","message":"Redis Client Error","service":"twiller-api","stack":"AggregateError [ECONNREFUSED]: \n    at internalConnectMultiple (node:net:1134:18)\n    at afterConnectMultiple (node:net:1715:7)","timestamp":"2026-05-28 17:24:21"}
{"code":"ECONNREFUSED","level":"error","message":"Redis Client Error","service":"twiller-api","stack":"AggregateError [ECONNREFUSED]: \n    at internalConnectMultiple (node:net:1134:18)\n    at afterConnectMultiple (node:net:1715:7)","timestamp":"2026-05-28 17:24:23"}
{"code":"ECONNREFUSED","level":"error","message":"Redis Client Error","service":"twiller-api","stack":"AggregateError [ECONNREFUSED]: \n    at internalConnectMultiple (node:net:1134:18)\n    at afterConnectMultiple (node:net:1715:7)","timestamp":"2026-05-28 17:24:25"}
{"code":"ECONNREFUSED","level":"error","message":"Redis Client Error","service":"twiller-api","stack":"AggregateError [ECONNREFUSED]: \n    at internalConnectMultiple (node:net:1134:18)\n    at afterConnectMultiple (node:net:1715:7)","timestamp":"2026-05-28 17:24:27"}
{"code":"ECONNREFUSED","level":"error","message":"Redis Client Error","service":"twiller-api","stack":"AggregateError [ECONNREFUSED]: \n    at internalConnectMultiple (node:net:1134:18)\n    at afterConnectMultiple (node:net:1715:7)","timestamp":"2026-05-28 17:24:30"}
{"code":"ECONNREFUSED","level":"error","message":"Redis Client Error","service":"twiller-api","stack":"AggregateError [ECONNREFUSED]: \n    at internalConnectMultiple (node:net:1134:18)\n    at afterConnectMultiple (node:net:1715:7)","timestamp":"2026-05-28 17:24:32"}
{"code":"ECONNREFUSED","level":"error","message":"Redis Client Error","service":"twiller-api","stack":"AggregateError [ECONNREFUSED]: \n    at internalConnectMultiple (node:net:1134:18)\n    at afterConnectMultiple (node:net:1715:7)","timestamp":"2026-05-28 17:24:34"}
{"code":"ECONNREFUSED","level":"error","message":"Redis Client Error","service":"twiller-api","stack":"AggregateError [ECONNREFUSED]: \n    at internalConnectMultiple (node:net:1134:18)\n    at afterConnectMultiple (node:net:1715:7)","timestamp":"2026-05-28 17:24:36"}
{"code":"ECONNREFUSED","level":"error","message":"Redis Client Error","service":"twiller-api","stack":"AggregateError [ECONNREFUSED]: \n    at internalConnectMultiple (node:net:1134:18)\n    at afterConnectMultiple (node:net:1715:7)","timestamp":"2026-05-28 17:24:38"}
{"code":"ECONNREFUSED","level":"error","message":"Redis Client Error","service":"twiller-api","stack":"AggregateError [ECONNREFUSED]: \n    at internalConnectMultiple (node:net:1134:18)\n    at afterConnectMultiple (node:net:1715:7)","timestamp":"2026-05-28 17:24:40"}
{"code":"ECONNREFUSED","level":"error","message":"Redis Client Error","service":"twiller-api","stack":"AggregateError [ECONNREFUSED]: \n    at internalConnectMultiple (node:net:1134:18)\n    at afterConnectMultiple (node:net:1715:7)","timestamp":"2026-05-28 17:24:42"}
{"code":"ECONNREFUSED","level":"error","message":"Redis Client Error","service":"twiller-api","stack":"AggregateError [ECONNREFUSED]: \n    at internalConnectMultiple (node:net:1134:18)\n    at afterConnectMultiple (node:net:1715:7)","timestamp":"2026-05-28 17:24:44"}
{"code":"ECONNREFUSED","level":"error","message":"Redis Client Error","service":"twiller-api","stack":"AggregateError [ECONNREFUSED]: \n    at internalConnectMultiple (node:net:1134:18)\n    at afterConnectMultiple (node:net:1715:7)","timestamp":"2026-05-28 17:24:47"}
{"level":"info","message":"✅ Connected to MongoDB successfully.","service":"twiller-api","timestamp":"2026-05-28 17:24:53"}
{"level":"info","message":"🚀 Server running in development mode on port 5000","service":"twiller-api","timestamp":"2026-05-28 17:24:53"}
{"level":"info","message":"✅ Connected to MongoDB successfully.","service":"twiller-api","timestamp":"2026-05-28 19:33:30"}
{"level":"info","message":"🚀 Server running in development mode on port 5000","service":"twiller-api","timestamp":"2026-05-28 19:33:30"}
{"level":"info","message":"🔌 New client connected: NkHMulANv3WUmDZ6AAAB","service":"twiller-api","timestamp":"2026-05-28 20:10:57"}
{"level":"info","message":"Socket NkHMulANv3WUmDZ6AAAB joined room user_6a185140f82c85201111a2bf","service":"twiller-api","timestamp":"2026-05-28 20:10:57"}
{"level":"info","message":"🔌 Client disconnected: NkHMulANv3WUmDZ6AAAB","service":"twiller-api","timestamp":"2026-05-28 20:14:30"}
{"level":"info","message":"✅ Connected to MongoDB successfully.","service":"twiller-api","timestamp":"2026-05-29 10:03:25"}
{"level":"info","message":"🚀 Server running in development mode on port 5000","service":"twiller-api","timestamp":"2026-05-29 10:03:25"}
{"err":{"errorCode":"SERVER_ERROR","message":"secretOrPrivateKey must have a value","name":"Error","status":"error","statusCode":500},"level":"error","message":"[PROD ERROR 💥] secretOrPrivateKey must have a value","service":"twiller-api","timestamp":"2026-05-29 10:04:08"}
{"level":"info","message":"✅ Connected to MongoDB successfully.","service":"twiller-api","timestamp":"2026-05-29 10:05:07"}
{"level":"info","message":"🚀 Server running in development mode on port 5000","service":"twiller-api","timestamp":"2026-05-29 10:05:07"}
{"level":"warn","message":"⚠️ Stripe not configured — simulating Bronze upgrade for user 6a185140f82c85201111a2bf","service":"twiller-api","timestamp":"2026-05-29 10:05:51"}
{"level":"warn","message":"📧 [DEV MODE] Invoice email skipped — EMAIL_USER/EMAIL_PASS not configured.","service":"twiller-api","timestamp":"2026-05-29 10:05:51"}
{"level":"info","message":"📧 Invoice for karthiknayakgj26@gmail.com: Plan=Bronze, TxID=DEV-MPQFIM4W-YWIN, Price=₹100","service":"twiller-api","timestamp":"2026-05-29 10:05:51"}
{"level":"info","message":"✅ Connected to MongoDB successfully.","service":"twiller-api","timestamp":"2026-05-29 10:09:22"}
{"level":"info","message":"🚀 Server running in development mode on port 5000","service":"twiller-api","timestamp":"2026-05-29 10:09:22"}
{"level":"error","message":"[DEV ERROR] Tweet validation failed: user._id: Path `user._id` is required.","service":"twiller-api","stack":"ValidationError: Tweet validation failed: user._id: Path `user._id` is required.\n    at Document.invalidate (C:\\Users\\User\\OneDrive\\Desktop\\twitter clone\\backend\\node_modules\\mongoose\\lib\\document.js:3381:32)\n    at C:\\Users\\User\\OneDrive\\Desktop\\twitter clone\\backend\\node_modules\\mongoose\\lib\\document.js:3142:17\n    at C:\\Users\\User\\OneDrive\\Desktop\\twitter clone\\backend\\node_modules\\mongoose\\lib\\schemaType.js:1443:9\n    at process.processTicksAndRejections (node:internal/process/task_queues:84:11)","timestamp":"2026-05-29 10:09:49"}
{"level":"error","message":"[DEV ERROR] Tweet validation failed: user._id: Path `user._id` is required.","service":"twiller-api","stack":"ValidationError: Tweet validation failed: user._id: Path `user._id` is required.\n    at Document.invalidate (C:\\Users\\User\\OneDrive\\Desktop\\twitter clone\\backend\\node_modules\\mongoose\\lib\\document.js:3381:32)\n    at C:\\Users\\User\\OneDrive\\Desktop\\twitter clone\\backend\\node_modules\\mongoose\\lib\\document.js:3142:17\n    at C:\\Users\\User\\OneDrive\\Desktop\\twitter clone\\backend\\node_modules\\mongoose\\lib\\schemaType.js:1443:9\n    at process.processTicksAndRejections (node:internal/process/task_queues:84:11)","timestamp":"2026-05-29 10:09:50"}
{"level":"error","message":"[DEV ERROR] Tweet validation failed: user._id: Path `user._id` is required.","service":"twiller-api","stack":"ValidationError: Tweet validation failed: user._id: Path `user._id` is required.\n    at Document.invalidate (C:\\Users\\User\\OneDrive\\Desktop\\twitter clone\\backend\\node_modules\\mongoose\\lib\\document.js:3381:32)\n    at C:\\Users\\User\\OneDrive\\Desktop\\twitter clone\\backend\\node_modules\\mongoose\\lib\\document.js:3142:17\n    at C:\\Users\\User\\OneDrive\\Desktop\\twitter clone\\backend\\node_modules\\mongoose\\lib\\schemaType.js:1443:9\n    at process.processTicksAndRejections (node:internal/process/task_queues:84:11)","timestamp":"2026-05-29 10:09:50"}
{"level":"error","message":"[DEV ERROR] Tweet validation failed: user._id: Path `user._id` is required.","service":"twiller-api","stack":"ValidationError: Tweet validation failed: user._id: Path `user._id` is required.\n    at Document.invalidate (C:\\Users\\User\\OneDrive\\Desktop\\twitter clone\\backend\\node_modules\\mongoose\\lib\\document.js:3381:32)\n    at C:\\Users\\User\\OneDrive\\Desktop\\twitter clone\\backend\\node_modules\\mongoose\\lib\\document.js:3142:17\n    at C:\\Users\\User\\OneDrive\\Desktop\\twitter clone\\backend\\node_modules\\mongoose\\lib\\schemaType.js:1443:9\n    at process.processTicksAndRejections (node:internal/process/task_queues:84:11)","timestamp":"2026-05-29 10:09:50"}
{"level":"error","message":"[DEV ERROR] Tweet validation failed: user._id: Path `user._id` is required.","service":"twiller-api","stack":"ValidationError: Tweet validation failed: user._id: Path `user._id` is required.\n    at Document.invalidate (C:\\Users\\User\\OneDrive\\Desktop\\twitter clone\\backend\\node_modules\\mongoose\\lib\\document.js:3381:32)\n    at C:\\Users\\User\\OneDrive\\Desktop\\twitter clone\\backend\\node_modules\\mongoose\\lib\\document.js:3142:17\n    at C:\\Users\\User\\OneDrive\\Desktop\\twitter clone\\backend\\node_modules\\mongoose\\lib\\schemaType.js:1443:9\n    at process.processTicksAndRejections (node:internal/process/task_queues:84:11)","timestamp":"2026-05-29 10:09:51"}
